// Jest Snapshot v1, https://goo.gl/fbAQLP

exports[`Test for rendering the navigation It should render home page 1`] = `
<div
  className="content"
>
  <h1>
    Welcome to our Page
  </h1>
  <p>
    Lorem ipsum dolor sit amet consectetur adipisicing elit. Quisquam, quae. Lorem ipsum dolor sit amet consectetur adipisicing elit. Quisquam, quae. Lorem ipsum dolor sit amet consectetur adipisicing elit. Quisquam, quae. Lorem ipsum dolor sit amet consectetur adipisicing elit. Quisquam, quae. Lorem ipsum dolor sit amet consectetur adipisicing elit. Quisquam, quae. Lorem ipsum dolor sit amet consectetur adipisicing elit. Quisquam, quae. Lorem ipsum dolor sit amet consectetur adipisicing elit. Quisquam, quae. Lorem ipsum dolor sit amet consectetur adipisicing elit. Quisquam, quae.
  </p>
  <p>
    Lorem ipsum dolor sit amet consectetur adipisicing elit. Quisquam, quae. Lorem ipsum dolor sit amet consectetur adipisicing elit. Quisquam, quae. Lorem ipsum dolor sit amet consectetur adipisicing elit. Quisquam, quae. Lorem ipsum dolor sit amet consectetur adipisicing elit. Quisquam, quae. Lorem ipsum dolor sit amet consectetur adipisicing elit. Quisquam, quae. Lorem ipsum dolor sit amet consectetur adipisicing elit. Quisquam, quae. Lorem ipsum dolor sit amet consectetur adipisicing elit. Quisquam, quae. Lorem ipsum dolor sit amet consectetur adipisicing elit. Quisquam, quae.
  </p>
</div>
`;
